Starting...
NotEnabled: Counter:zero
Enabled (GreaterThan2): Counter:greater
Disabled (NotChangedAfterDisabled): not changed