MD5 in parts: e38d10c40bf31b37448b026126b342ad
MD5 digest: e38d10c40bf31b37448b026126b342ad
-----
Sha1 in parts: a2df03b41490f441b30e712aa2d130b427057761
Sha1 digest: a2df03b41490f441b30e712aa2d130b427057761
