Sema(Id=1,Size=56,Name='sema1',Attr=0,init=0,cur=0,max=2,wait=0)
VALUE-INVARIANT:7
[1]:1:FFFFFF67
[1]:0:0000
[1]:0:0000
[1]:4:12345678
---
Sema(Id=1,Size=56,Name='sema1',Attr=0,init=0,cur=0,max=2,wait=4)
---
[2]:1:FFFFFF67
---
Sema(Id=1,Size=56,Name='sema1',Attr=0,init=0,cur=0,max=2,wait=3)
---
[2]:0:0000
---
Sema(Id=1,Size=56,Name='sema1',Attr=0,init=0,cur=0,max=2,wait=2)
---
[2]:0:0000
[2]:4:12345678
00000000
80020199
VALUE-INVARIANT:7
