lwr_0_0 0x44332211
lwr_1_0 0x0F443322
lwr_2_0 0x0F0E4433
lwr_3_0 0x0F0E0D44

lwl_0_0 0x110E0D0C
lwl_1_0 0x22110D0C
lwl_2_0 0x3322110C
lwl_3_0 0x44332211

swr_0_0 0x12345678, 0x88776655, 0xCCBBAA99, 0x00FFEEDD
swr_1_0 0x34567811, 0x88776655, 0xCCBBAA99, 0x00FFEEDD
swr_2_0 0x56782211, 0x88776655, 0xCCBBAA99, 0x00FFEEDD
swr_3_0 0x78332211, 0x88776655, 0xCCBBAA99, 0x00FFEEDD

swl_0_0 0x44332212, 0x88776655, 0xCCBBAA99, 0x00FFEEDD
swl_1_0 0x44331234, 0x88776655, 0xCCBBAA99, 0x00FFEEDD
swl_2_0 0x44123456, 0x88776655, 0xCCBBAA99, 0x00FFEEDD
swl_3_0 0x12345678, 0x88776655, 0xCCBBAA99, 0x00FFEEDD

lwr_0_7 0x0F0E0D88
lwr_1_7 0xCCBBAA99
lwr_2_7 0x0FCCBBAA
lwr_3_7 0x0F0ECCBB

lwl_0_7 0x88776655
lwl_1_7 0x990E0D0C
lwl_2_7 0xAA990D0C
lwl_3_7 0xBBAA990C

swr_0_7 0x44332211, 0x78776655, 0xCCBBAA99, 0x00FFEEDD
swr_1_7 0x44332211, 0x88776655, 0x12345678, 0x00FFEEDD
swr_2_7 0x44332211, 0x88776655, 0x34567899, 0x00FFEEDD
swr_3_7 0x44332211, 0x88776655, 0x5678AA99, 0x00FFEEDD

swl_0_7 0x44332211, 0x12345678, 0xCCBBAA99, 0x00FFEEDD
swl_1_7 0x44332211, 0x88776655, 0xCCBBAA12, 0x00FFEEDD
swl_2_7 0x44332211, 0x88776655, 0xCCBB1234, 0x00FFEEDD
swl_3_7 0x44332211, 0x88776655, 0xCC123456, 0x00FFEEDD

lwr_NEG0_5 0x0F887766
lwr_NEG1_5 0x88776655
lwr_NEG2_5 0x0F0E0D44
lwr_NEG3_5 0x0F0E4433

lwl_NEG0_5 0x66550D0C
lwl_NEG1_5 0x550E0D0C
lwl_NEG2_5 0x44332211
lwl_NEG3_5 0x3322110C

lwr_NEG0_5 0x44332211, 0x88776655, 0xCCBBAA99, 0x00FFEEDD
lwr_NEG1_5 0x44332211, 0x88776655, 0xCCBBAA99, 0x00FFEEDD
lwr_NEG2_5 0x44332211, 0x88776655, 0xCCBBAA99, 0x00FFEEDD
lwr_NEG3_5 0x44332211, 0x88776655, 0xCCBBAA99, 0x00FFEEDD

lwl_NEG0_5 0x44332211, 0x88776655, 0xCCBBAA99, 0x00FFEEDD
lwl_NEG1_5 0x44332211, 0x88776655, 0xCCBBAA99, 0x00FFEEDD
lwl_NEG2_5 0x44332211, 0x88776655, 0xCCBBAA99, 0x00FFEEDD
lwl_NEG3_5 0x44332211, 0x88776655, 0xCCBBAA99, 0x00FFEEDD
