------------------------
[1]:0
[0]:0
[1]:1
[0]:1
[1]:2
[0]:2
[1]:3
[0]:3
[1]:4
[0]:4
[1]
[0]
------------------------
[0]
[1]
[2]
[3]
[4]
[5]
[6]
[7]
777
