[x] Reset regs:
[x] at=13370000, a0=13370000, a1=13370000, a2=13370000, a3=13370000, t0=13370000, t1=13370000, t2=13370000, t3=13370000, t4=13370000, t5=13370000, t6=13370000, t7=13370000, s0=13370000, s1=13370000, s2=13370000, s3=13370000, s4=13370000, s5=13370000, s6=13370000, s7=13370000, t8=13370000, t9=13370000
[x] f32=13370000, f33=13370000, f34=13370000, f35=13370000, f36=13370000, f37=13370000, f38=13370000, f39=13370000, f40=13370000, f41=13370000, f42=13370000, f43=13370000, f44=13370000, f45=13370000, f46=13370000, f47=13370000, f48=13370000, f49=13370000, f50=13370000, f51=13370000, f52=13370000, f53=13370000, f54=13370000, f55=13370000, f56=13370000, f57=13370000, f58=13370000, f59=13370000, f60=13370000, f61=13370000, f62=13370000, f63=13370000
[x] lo=13370000, hi=13370000, fcr31=00000003

[x] Syscall:
[x] at=deadbeef, a0=deadbeef, a1=deadbeef, a2=deadbeef, a3=deadbeef, t0=deadbeef, t1=deadbeef, t2=deadbeef, t3=deadbeef, t4=deadbeef, t5=deadbeef, t6=deadbeef, t7=deadbeef, s0=13370000, s1=13370000, s2=13370000, s3=13370000, s4=13370000, s5=13370000, s6=13370000, s7=13370000, t8=deadbeef, t9=deadbeef
[x] f32=13370000, f33=13370000, f34=13370000, f35=13370000, f36=13370000, f37=13370000, f38=13370000, f39=13370000, f40=13370000, f41=13370000, f42=13370000, f43=13370000, f44=13370000, f45=13370000, f46=13370000, f47=13370000, f48=13370000, f49=13370000, f50=13370000, f51=13370000, f52=13370000, f53=13370000, f54=13370000, f55=13370000, f56=13370000, f57=13370000, f58=13370000, f59=13370000, f60=13370000, f61=13370000, f62=13370000, f63=13370000
[x] lo=deadbeef, hi=deadbeef, fcr31=00000003

[x] Really long loop (interrupt):
[x] at=13370000, a0=13370000, a1=13370000, a2=13370000, a3=13370000, t0=13370000, t1=13370000, t2=13370000, t3=13370000, t4=13370000, t5=13370000, t6=13370000, t7=13370000, s0=13370000, s1=13370000, s2=13370000, s3=13370000, s4=13370000, s5=13370000, s6=13370000, s7=13370000, t8=13370000, t9=13370000
[x] f32=13370000, f33=13370000, f34=13370000, f35=13370000, f36=13370000, f37=13370000, f38=13370000, f39=13370000, f40=13370000, f41=13370000, f42=13370000, f43=13370000, f44=13370000, f45=13370000, f46=13370000, f47=13370000, f48=13370000, f49=13370000, f50=13370000, f51=13370000, f52=13370000, f53=13370000, f54=13370000, f55=13370000, f56=13370000, f57=13370000, f58=13370000, f59=13370000, f60=13370000, f61=13370000, f62=13370000, f63=13370000
[x] lo=13370000, hi=13370000, fcr31=00000003

[x] New thread (initial regs):
[r] at=deadbeef, a0=00000000, a1=00000000, a2=deadbeef, a3=deadbeef, t0=deadbeef, t1=deadbeef, t2=deadbeef, t3=deadbeef, t4=deadbeef, t5=deadbeef, t6=deadbeef, t7=deadbeef, s0=deadbeef, s1=deadbeef, s2=deadbeef, s3=deadbeef, s4=deadbeef, s5=deadbeef, s6=deadbeef, s7=deadbeef, t8=deadbeef, t9=deadbeef
[x] f32=7f800001, f33=7f800001, f34=7f800001, f35=7f800001, f36=7f800001, f37=7f800001, f38=7f800001, f39=7f800001, f40=7f800001, f41=7f800001, f42=7f800001, f43=7f800001, f44=7f800001, f45=7f800001, f46=7f800001, f47=7f800001, f48=7f800001, f49=7f800001, f50=7f800001, f51=7f800001, f52=7f800001, f53=7f800001, f54=7f800001, f55=7f800001, f56=7f800001, f57=7f800001, f58=7f800001, f59=7f800001, f60=7f800001, f61=7f800001, f62=7f800001, f63=7f800001
[x] lo=deadbeef, hi=deadbeef, fcr31=00000e00

[x] New thread (v0/v1):
[r] v0=deadbeef, v1=deadbeef
