testVertexAlignment
Struct Size: 12
FF000000,FF000000,FF000000,FF000000,
FF000000,0000,0000,FF000000,
FF000000,0000,0000,FF000000,
FF000000,0000,0000,FF000000,
testColorAdd
0000,0000,0000,0000,
0000,0000,0000,0000,
0000,0000,0000,0000,
0000,0000,0000,0000,
