event: 00000000:6
event: 800201AF:6
event: 00000000:6
event: 00000000
event: 00000000
event: 00000000:50
event: 8002019A:-1
[1]
[2]
[3]
event: 00000000:54
event: 800201A8:52
event: 00000000
event: 8002019A:-1
