Started
vfpu_vc2i_s: 67000000, 45000000, 23000000, 01000000
vfpu_vuc2i_s: 33B3B3B3, 22A2A2A2, 11919191, 00808080
vfpu_vuc2i_s: 44C4C4C4, 5D5D5D5D, 6E6E6E6E, 7F7F7F7F
vfpu_vs2i_s: 45670000, 01230000, 00000000, 00000000
vfpu_vs2i_p: 45670000, 01230000, CDEF0000, 89AB0000
vfpu_vs2i_s: 00FF0000, FCCF0000, CDEF0000, 89AB0000
vfpu_vs2i_p: 00FF0000, FCCF0000, FF110000, 11000000
vfpu_vi2f_q: 0.062500, 0.625000, 624.937500, 105827.125000
checkVF2I:
vf2id: 0,0,0,0
vf2in: 0,0,0,1
vf2iz: 0,0,0,0
vf2iu: 0,1,1,1
vf2id: 1,1,1,1
vf2in: 1,1,2,2
vf2iz: 1,1,1,1
vf2iu: 1,2,2,2
vf2id: 2,2,3,1000
vf2in: 2,2,4,1000
vf2iz: 2,2,3,1000
vf2iu: 2,3,4,1000
vf2id: 2147483647,2147483647,0,0
vf2in: 2147483647,2147483647,0,0
vf2iz: 2147483647,2147483647,0,0
vf2iu: 2147483647,2147483647,0,0
vf2id: 0,-1,-1,-1
vf2in: 0,0,0,-1
vf2iz: 0,0,0,0
vf2iu: 0,0,0,0
vf2id: -1,-2,-2,-2
vf2in: -1,-1,-2,-2
vf2iz: -1,-1,-1,-1
vf2iu: -1,-1,-1,-1
vf2id: -2,-3,-4,-1000
vf2in: -2,-2,-4,-1000
vf2iz: -2,-2,-3,-1000
vf2iu: -2,-2,-3,-1000
vf2id: -2147483648,2147483647,0,0
vf2in: -2147483648,2147483647,0,0
vf2iz: -2147483648,2147483647,0,0
vf2iu: -2147483648,2147483647,0,0
checkVI2F:
vi2f: 0.000000,-1.000000,3.000000,-2147483648.000000
vi2f: -1.000000,-2.000000,-3.000000,65536.000000
checkHalf:
vf2h: 3d333b33,63d14166,c0400000,47800000
vf2h: bd33bb33,e3d1c166,c0400000,47800000
vf2h: 41003e00,c480c300,c0400000,47800000
vf2h: 7c004300,7ffffc00,c0400000,47800000
vh2f: 44ccc000,3fecc000,44ccc000,3ff4c000
vh2f: 44ccc000,bfecc000,44ccc000,bff4c000
vh2f: 00000000,3ff80000,00000000,40040000
vh2f: 00000000,400c0000,00000000,7f800380
vf2h vh2f: 0.899902,1.299805,2.699219,1000.500000
vf2h vh2f: -0.899902,-1.299805,-2.699219,-1000.500000
vf2h vh2f: 1.500000,2.500000,-3.500000,-4.500000
vf2h vh2f: 3.500000,inf,-inf,nan
Ended
