Started
checkGlRotate:
-1.000000, 0.000767, 0.000000, 0.000000
-0.000767, -1.000000, 0.000000, 0.000000
0.000000, 0.000000, 1.000000, 0.000000
0.000000, 0.000000, 0.000000, 1.000000
checkGum 0.7:
proj: 0.733064,0.000000,0.000000,0.000000
proj: 0.000000,1.303225,0.000000,0.000000
proj: 0.000000,0.000000,-1.001001,-1.000000
proj: 0.000000,0.000000,-1.000500,0.000000
view: 1.000000,0.000000,0.000000,0.000000
view: 0.000000,1.000000,0.000000,0.000000
view: 0.000000,0.000000,1.000000,0.000000
view: 0.000000,0.000000,0.000000,1.000000
Vec: (x=0.620465, y=0.769690, z=1.036726)
Cos/Sin (0.764842, 0.644218)
model1: 0.365556,0.906272,0.212227,0.000000
model1: -0.618122,0.065893,0.783316,0.000000
model1: 0.695913,-0.417528,0.584274,0.000000
model1: 0.000000,0.000000,-2.500000,1.000000
model2: 1.000000,0.000000,0.000000,0.000000
model2: 0.000000,0.154251,-0.988032,0.000000
model2: 0.000000,0.988032,0.154251,0.000000
model2: 0.000000,0.000000,0.000000,1.000000
checkGum 1.1:
proj: 0.733064,0.000000,0.000000,0.000000
proj: 0.000000,1.303225,0.000000,0.000000
proj: 0.000000,0.000000,-1.001001,-1.000000
proj: 0.000000,0.000000,-1.000500,0.000000
view: 1.000000,0.000000,0.000000,0.000000
view: 0.000000,1.000000,0.000000,0.000000
view: 0.000000,0.000000,1.000000,0.000000
view: 0.000000,0.000000,0.000000,1.000000
Vec: (x=0.620465, y=0.769690, z=1.036726)
Cos/Sin (0.453596, 0.891207)
model1: 0.365556,0.906272,0.212227,0.000000
model1: -0.618122,0.065893,0.783316,0.000000
model1: 0.695913,-0.417528,0.584274,0.000000
model1: 0.000000,0.000000,-2.500000,1.000000
model2: 1.000000,0.000000,0.000000,0.000000
model2: 0.000000,0.154251,-0.988032,0.000000
model2: 0.000000,0.988032,0.154251,0.000000
model2: 0.000000,0.000000,0.000000,1.000000
Ended
