Started
vtfm3.t: -10271.000000,12362.000000,-14453.000000,0.000000
vtfm4.q: -9751.000000,11802.000000,-13853.000000,15904.000000
vhtfm3.t: -10559.000000,12682.000000,-14805.000000,0.000000
vhtfm4.q: -10258.000000,12348.000000,-14438.000000,16528.000000
non transpose: 1.000000,-2.000000,3.000000,-4.000000
non transpose: 5.000000,-6.000000,7.000000,-8.000000
non transpose: 9.000000,-10.000000,11.000000,-12.000000
non transpose: 13.000000,-14.000000,15.000000,-16.000000
transpose: 1.000000,5.000000,9.000000,13.000000
transpose: -2.000000,-6.000000,-10.000000,-14.000000
transpose: 3.000000,7.000000,11.000000,15.000000
transpose: -4.000000,-8.000000,-12.000000,-16.000000
vmmul.q 1: 1585.000000,1655.000000,1787.000000,1861.000000
vmmul.q 1: 5318.000000,5562.000000,5980.000000,6246.000000
vmmul.q 1: 10514.000000,11006.000000,11840.000000,12378.000000
vmmul.q 1: 15894.000000,16634.000000,17888.000000,18710.000000
vmmul.q 2: 1585.000000,1655.000000,1787.000000,1861.000000
vmmul.q 2: 822.000000,864.000000,898.000000,6246.000000
vmmul.q 2: 3247.000000,3415.000000,3567.000000,12378.000000
vmmul.q 2: 6481.000000,6825.000000,7141.000000,18710.000000
vmmul.q 3: 337.000000,359.000000,3948.000000,4214.000000
vmmul.q 3: 1598.000000,1698.000000,6316.000000,6738.000000
vmmul.q 3: 1248.000000,1296.000000,7892.000000,8164.000000
vmmul.q 3: 3720.000000,3864.000000,11572.000000,11972.000000
vmidt: 1.000000,0.000000,3.000000,-4.000000
vmidt: 0.000000,1.000000,3.000000,-4.000000
vmidt: 1.000000,-2.000000,1.000000,0.000000
vmidt: 1.000000,-2.000000,0.000000,1.000000
vmidt: 1.000000,0.000000,0.000000,-4.000000
vmidt: 0.000000,1.000000,0.000000,-4.000000
vmidt: 0.000000,0.000000,1.000000,-4.000000
vmidt: 1.000000,-2.000000,3.000000,-4.000000
vmidt: 1.000000,0.000000,0.000000,0.000000
vmidt: 0.000000,1.000000,0.000000,0.000000
vmidt: 0.000000,0.000000,1.000000,0.000000
vmidt: 0.000000,0.000000,0.000000,1.000000
vmidt: 1.000000,1.000000,1.000000,1.000000
vmidt: 1.000000,1.000000,1.000000,1.000000
vmidt: 1.000000,1.000000,1.000000,1.000000
vmidt: 1.000000,1.000000,1.000000,1.000000
vmidt: 0.000000,0.000000,0.000000,0.000000
vmidt: 0.000000,0.000000,0.000000,0.000000
vmidt: 0.000000,0.000000,0.000000,0.000000
vmidt: 0.000000,0.000000,0.000000,0.000000
vmscl.q: 337.000000,1685.000000,3033.000000,4381.000000
vmscl.q: -674.000000,-2022.000000,-3370.000000,-4718.000000
vmscl.q: 1011.000000,2359.000000,3707.000000,5055.000000
vmscl.q: -1348.000000,-2696.000000,-4044.000000,-5392.000000
Ended
