Starting Test Harness...
KIRK 11 buff: 20 00 00 00 00 00 00 00 00 00 00 00 00 00 00 00 00 00 00 00 00 00 00 00 00 00 00 00 00 00 00 00 00 00 00 00
SHA1 Result: DE 8A 84 7B FF 8C 34 3D 69 B8 53 A2 15 E6 EE 77 5E F2 EF 96
SHA1 Expected: DE 8A 84 7B FF 8C 34 3D 69 B8 53 A2 15 E6 EE 77 5E F2 EF 96
SHA1 of 0x20 00s is correct!
