Initial:
  fcr0: 00003351, fcr25: 00000000, fcr26: 00000000, fcr27: 00000000, fcr28: 00000000, fcr31: 00000e00
Update fcr0:
  fcr0: 00003351, fcr25: 00000000, fcr26: 00000000, fcr27: 00000000, fcr28: 00000000, fcr31: 00000e00
Update rounding mode (RM):
  fcr0: 00003351, fcr25: 00000000, fcr26: 00000000, fcr27: 00000000, fcr28: 00000000, fcr31: 00000003
Update flags:
  fcr0: 00003351, fcr25: 00000000, fcr26: 00000000, fcr27: 00000000, fcr28: 00000000, fcr31: 0000007c
Update enables:
  fcr0: 00003351, fcr25: 00000000, fcr26: 00000000, fcr27: 00000000, fcr28: 00000000, fcr31: 00000f80
Update cause:
  fcr0: 00003351, fcr25: 00000000, fcr26: 00000000, fcr27: 00000000, fcr28: 00000000, fcr31: 0001f000
Update flushing (FS):
  fcr0: 00003351, fcr25: 00000000, fcr26: 00000000, fcr27: 00000000, fcr28: 00000000, fcr31: 01000000
Update flushing (FO):
  fcr0: 00003351, fcr25: 00000000, fcr26: 00000000, fcr27: 00000000, fcr28: 00000000, fcr31: 00000000
Update flushing (FN):
  fcr0: 00003351, fcr25: 00000000, fcr26: 00000000, fcr27: 00000000, fcr28: 00000000, fcr31: 00000000
Update FCC:
  fcr0: 00003351, fcr25: 00000000, fcr26: 00000000, fcr27: 00000000, fcr28: 00000000, fcr31: 00800000
Update FCC1-7:
  fcr0: 00003351, fcr25: 00000000, fcr26: 00000000, fcr27: 00000000, fcr28: 00000000, fcr31: 00000000
Update unknown:
  fcr0: 00003351, fcr25: 00000000, fcr26: 00000000, fcr27: 00000000, fcr28: 00000000, fcr31: 00000000

Flag situations:
sqrt(-1):
  fcr0: 00003351, fcr25: 00000000, fcr26: 00000000, fcr27: 00000000, fcr28: 00000000, fcr31: 00010040
Divide by zero:
  fcr0: 00003351, fcr25: 00000000, fcr26: 00000000, fcr27: 00000000, fcr28: 00000000, fcr31: 00010040
NAN math:
  fcr0: 00003351, fcr25: 00000000, fcr26: 00000000, fcr27: 00000000, fcr28: 00000000, fcr31: 00010040
Overflow:
  fcr0: 00003351, fcr25: 00000000, fcr26: 00000000, fcr27: 00000000, fcr28: 00000000, fcr31: 00005014
Underflow:
  fcr0: 00003351, fcr25: 00000000, fcr26: 00000000, fcr27: 00000000, fcr28: 00000000, fcr31: 0000300c
Inexact:
  fcr0: 00003351, fcr25: 00000000, fcr26: 00000000, fcr27: 00000000, fcr28: 00000000, fcr31: 00001004
